2025-10-22 14:04:47 [ERROR] : Error: Something Went wrong
Stack: Error: Something Went wrong
    at addUserDetails (file:///C:/Users/Competent/Desktop/Dtest_hammad/backend/controllers/userController.js:45:17)
    at Layer.handleRequest (C:\Users\Competent\Desktop\Dtest_hammad\backend\node_modules\router\lib\layer.js:152:17)
    at next (C:\Users\Competent\Desktop\Dtest_hammad\backend\node_modules\router\lib\route.js:157:13)
    at file:///C:/Users/Competent/Desktop/Dtest_hammad/backend/middlewares/uploadImages.js:60:7
2025-10-22 14:05:28 [ERROR] : Error: Something Went wrong
Stack: Error: Something Went wrong
    at addUserDetails (file:///C:/Users/Competent/Desktop/Dtest_hammad/backend/controllers/userController.js:45:17)
    at Layer.handleRequest (C:\Users\Competent\Desktop\Dtest_hammad\backend\node_modules\router\lib\layer.js:152:17)
    at next (C:\Users\Competent\Desktop\Dtest_hammad\backend\node_modules\router\lib\route.js:157:13)
    at file:///C:/Users/Competent/Desktop/Dtest_hammad/backend/middlewares/uploadImages.js:60:7
2025-10-29 00:52:10 [ERROR] : Error: Invalid Credentials
Stack: Error: Invalid Credentials
    at signIn (file:///app/controllers/authController.js:160:19)
    at process.processTicksAndRejections (node:internal/process/task_queues:105:5)
2025-11-05 11:24:32 [ERROR] : Error: Invalid Credentials
Stack: Error: Invalid Credentials
    at signIn (file:///app/controllers/authController.js:166:19)
2025-12-04 17:51:18 [ERROR] : Error: user not found
Stack: Error: user not found
    at getAllPosts (file:///app/controllers/postsController.js:84:19)
    at process.processTicksAndRejections (node:internal/process/task_queues:105:5)
2025-12-04 19:10:50 [ERROR] : Error: something went wrong
Stack: Error: something went wrong
    at addUserExperience (file:///app/controllers/userController.js:65:17)
    at Layer.handleRequest (/app/node_modules/router/lib/layer.js:152:17)
    at next (/app/node_modules/router/lib/route.js:157:13)
    at Route.dispatch (/app/node_modules/router/lib/route.js:117:3)
    at handle (/app/node_modules/router/index.js:435:11)
    at Layer.handleRequest (/app/node_modules/router/lib/layer.js:152:17)
    at /app/node_modules/router/index.js:295:15
    at processParams (/app/node_modules/router/index.js:582:12)
    at next (/app/node_modules/router/index.js:291:5)
    at Function.handle (/app/node_modules/router/index.js:186:3)
2025-12-04 19:17:28 [ERROR] : Error: something went wrong
Stack: Error: something went wrong
    at addUserExperience (file:///app/controllers/userController.js:65:17)
    at Layer.handleRequest (/app/node_modules/router/lib/layer.js:152:17)
    at next (/app/node_modules/router/lib/route.js:157:13)
    at Route.dispatch (/app/node_modules/router/lib/route.js:117:3)
    at handle (/app/node_modules/router/index.js:435:11)
    at Layer.handleRequest (/app/node_modules/router/lib/layer.js:152:17)
    at /app/node_modules/router/index.js:295:15
    at param (/app/node_modules/router/index.js:600:14)
    at param (/app/node_modules/router/index.js:610:14)
    at processParams (/app/node_modules/router/index.js:664:3)
2025-12-04 19:18:57 [ERROR] : Error: something went wrong
Stack: Error: something went wrong
    at addUserExperience (file:///app/controllers/userController.js:65:17)
    at Layer.handleRequest (/app/node_modules/router/lib/layer.js:152:17)
    at next (/app/node_modules/router/lib/route.js:157:13)
    at Route.dispatch (/app/node_modules/router/lib/route.js:117:3)
    at handle (/app/node_modules/router/index.js:435:11)
    at Layer.handleRequest (/app/node_modules/router/lib/layer.js:152:17)
    at /app/node_modules/router/index.js:295:15
    at param (/app/node_modules/router/index.js:600:14)
    at param (/app/node_modules/router/index.js:610:14)
    at processParams (/app/node_modules/router/index.js:664:3)
2025-12-04 19:20:34 [ERROR] : Error: something went wrong
Stack: Error: something went wrong
    at addUserExperience (file:///app/controllers/userController.js:65:17)
    at Layer.handleRequest (/app/node_modules/router/lib/layer.js:152:17)
    at next (/app/node_modules/router/lib/route.js:157:13)
    at Route.dispatch (/app/node_modules/router/lib/route.js:117:3)
    at handle (/app/node_modules/router/index.js:435:11)
    at Layer.handleRequest (/app/node_modules/router/lib/layer.js:152:17)
    at /app/node_modules/router/index.js:295:15
    at param (/app/node_modules/router/index.js:600:14)
    at param (/app/node_modules/router/index.js:610:14)
    at processParams (/app/node_modules/router/index.js:664:3)
2025-12-04 22:25:12 [ERROR] : Error: Invalid Credentials
Stack: Error: Invalid Credentials
    at signIn (file:///app/controllers/authController.js:160:19)
    at process.processTicksAndRejections (node:internal/process/task_queues:105:5)
2025-12-04 22:26:52 [ERROR] : Error: User with this email does not exist
Stack: Error: User with this email does not exist
    at signIn (file:///app/controllers/authController.js:160:19)
    at process.processTicksAndRejections (node:internal/process/task_queues:105:5)
2025-12-04 22:35:58 [ERROR] : Error: something went wrong
Stack: Error: something went wrong
    at addUserExperience (file:///app/controllers/userController.js:72:17)
    at process.processTicksAndRejections (node:internal/process/task_queues:105:5)
2025-12-04 22:36:59 [ERROR] : Error: something went wrong
Stack: Error: something went wrong
    at addUserExperience (file:///app/controllers/userController.js:72:17)
    at process.processTicksAndRejections (node:internal/process/task_queues:105:5)
2025-12-04 22:37:54 [ERROR] : Error: Invalid user
Stack: Error: Invalid user
    at addUserExperience (file:///app/controllers/userController.js:55:12)
    at process.processTicksAndRejections (node:internal/process/task_queues:105:5)
2025-12-04 22:38:37 [ERROR] : Error: Invalid user
Stack: Error: Invalid user
    at addUserExperience (file:///app/controllers/userController.js:55:19)
    at process.processTicksAndRejections (node:internal/process/task_queues:105:5)
2025-12-04 23:03:47 [ERROR] : Error: something went wrong
Stack: Error: something went wrong
    at getUserExperience (file:///app/controllers/userController.js:106:17)
    at process.processTicksAndRejections (node:internal/process/task_queues:105:5)
2025-12-04 23:04:45 [ERROR] : Error: something went wrong
Stack: Error: something went wrong
    at getUserExperience (file:///app/controllers/userController.js:107:17)
    at process.processTicksAndRejections (node:internal/process/task_queues:105:5)
2025-12-04 23:05:41 [ERROR] : Error: something went wrong
Stack: Error: something went wrong
    at getUserExperience (file:///app/controllers/userController.js:108:17)
    at process.processTicksAndRejections (node:internal/process/task_queues:105:5)
2025-12-04 23:06:25 [ERROR] : Error: something went wrong
Stack: Error: something went wrong
    at getUserExperience (file:///app/controllers/userController.js:108:17)
    at process.processTicksAndRejections (node:internal/process/task_queues:105:5)
2025-12-04 23:07:22 [ERROR] : Error: something went wrong
Stack: Error: something went wrong
    at getUserExperience (file:///app/controllers/userController.js:110:17)
    at process.processTicksAndRejections (node:internal/process/task_queues:105:5)
2025-12-04 23:15:21 [ERROR] : Error: something went wrong
Stack: Error: something went wrong
    at getUserExperience (file:///app/controllers/userController.js:108:17)
    at process.processTicksAndRejections (node:internal/process/task_queues:105:5)
2025-12-04 23:21:57 [ERROR] : Error: something went wrong
Stack: Error: something went wrong
    at getUserExperience (file:///app/controllers/userController.js:116:17)
    at process.processTicksAndRejections (node:internal/process/task_queues:105:5)
2025-12-04 23:22:59 [ERROR] : Error: something went wrong
Stack: Error: something went wrong
    at getUserExperience (file:///app/controllers/userController.js:116:17)
    at process.processTicksAndRejections (node:internal/process/task_queues:105:5)
2025-12-06 16:43:37 [ERROR] : Error: 500
Stack: Error: 500
    at updateUserExperience (file:///app/controllers/userController.js:135:17)
    at Layer.handleRequest (/app/node_modules/router/lib/layer.js:152:17)
    at next (/app/node_modules/router/lib/route.js:157:13)
    at Route.dispatch (/app/node_modules/router/lib/route.js:117:3)
    at handle (/app/node_modules/router/index.js:435:11)
    at Layer.handleRequest (/app/node_modules/router/lib/layer.js:152:17)
    at /app/node_modules/router/index.js:295:15
    at param (/app/node_modules/router/index.js:600:14)
    at param (/app/node_modules/router/index.js:610:14)
    at param (/app/node_modules/router/index.js:610:14)
2025-12-06 16:44:21 [ERROR] : Error: 500
Stack: Error: 500
    at updateUserExperience (file:///app/controllers/userController.js:135:17)
    at Layer.handleRequest (/app/node_modules/router/lib/layer.js:152:17)
    at next (/app/node_modules/router/lib/route.js:157:13)
    at Route.dispatch (/app/node_modules/router/lib/route.js:117:3)
    at handle (/app/node_modules/router/index.js:435:11)
    at Layer.handleRequest (/app/node_modules/router/lib/layer.js:152:17)
    at /app/node_modules/router/index.js:295:15
    at param (/app/node_modules/router/index.js:600:14)
    at param (/app/node_modules/router/index.js:610:14)
    at param (/app/node_modules/router/index.js:610:14)
2025-12-06 17:33:36 [ERROR] : Error: Invalid user
Stack: Error: Invalid user
    at addUserExperience (file:///app/controllers/userController.js:56:19)
    at process.processTicksAndRejections (node:internal/process/task_queues:105:5)
2025-12-06 17:34:34 [ERROR] : Error: Invalid user
Stack: Error: Invalid user
    at addUserExperience (file:///app/controllers/userController.js:56:19)
    at process.processTicksAndRejections (node:internal/process/task_queues:105:5)
2025-12-06 17:39:11 [ERROR] : Error: something went wrong
Stack: Error: something went wrong
    at addUserExperience (file:///app/controllers/userController.js:83:17)
    at process.processTicksAndRejections (node:internal/process/task_queues:105:5)
2025-12-06 17:58:29 [ERROR] : Error: something went wrong
Stack: Error: something went wrong
    at getUserExperience (file:///app/controllers/userController.js:103:17)
    at process.processTicksAndRejections (node:internal/process/task_queues:105:5)
2025-12-06 17:59:50 [ERROR] : Error: something went wrong
Stack: Error: something went wrong
    at getUserExperience (file:///app/controllers/userController.js:104:17)
    at process.processTicksAndRejections (node:internal/process/task_queues:105:5)
2025-12-06 20:13:04 [ERROR] : Error: Something Went wrong
Stack: Error: Something Went wrong
    at addUserDetails (file:///app/controllers/userController.js:46:17)
    at process.processTicksAndRejections (node:internal/process/task_queues:105:5)
2025-12-06 20:14:07 [ERROR] : Error: something went wrong
Stack: Error: something went wrong
    at getUserDetails (file:///app/controllers/userController.js:63:17)
    at process.processTicksAndRejections (node:internal/process/task_queues:105:5)
2025-12-06 20:16:50 [ERROR] : Error: something went wrong
Stack: Error: something went wrong
    at getUserDetails (file:///app/controllers/userController.js:63:17)
    at process.processTicksAndRejections (node:internal/process/task_queues:105:5)
2025-12-08 14:53:42 [ERROR] : Error: Something Went wrong
Stack: Error: Something Went wrong
    at addUserDetails (file:///app/controllers/userController.js:57:17)
    at process.processTicksAndRejections (node:internal/process/task_queues:105:5)
2025-12-08 22:49:44 [ERROR] : Error: user not found
Stack: Error: user not found
    at getAllPosts (file:///app/controllers/postsController.js:84:19)
    at process.processTicksAndRejections (node:internal/process/task_queues:105:5)
2025-12-08 22:51:20 [ERROR] : Error: no posts found
Stack: Error: no posts found
    at getAllPosts (file:///app/controllers/postsController.js:94:19)
    at process.processTicksAndRejections (node:internal/process/task_queues:105:5)
2025-12-09 00:21:48 [ERROR] : Error: something went wrong
Stack: Error: something went wrong
    at getTranslation (file:///app/controllers/translations.js:24:17)
    at Layer.handleRequest (/app/node_modules/router/lib/layer.js:152:17)
    at next (/app/node_modules/router/lib/route.js:157:13)
    at Route.dispatch (/app/node_modules/router/lib/route.js:117:3)
    at handle (/app/node_modules/router/index.js:435:11)
    at Layer.handleRequest (/app/node_modules/router/lib/layer.js:152:17)
    at /app/node_modules/router/index.js:295:15
    at param (/app/node_modules/router/index.js:600:14)
    at param (/app/node_modules/router/index.js:610:14)
    at processParams (/app/node_modules/router/index.js:664:3)
2025-12-12 12:53:13 [ERROR] : Error: something went wrong
Stack: Error: something went wrong
    at addUserExperience (file:///app/controllers/userController.js:116:17)
    at process.processTicksAndRejections (node:internal/process/task_queues:105:5)
2025-12-12 23:20:23 [ERROR] : Error: something went wrong
Stack: Error: something went wrong
    at createPost (file:///app/controllers/postsController.js:33:17)
    at process.processTicksAndRejections (node:internal/process/task_queues:105:5)
2025-12-12 23:20:25 [ERROR] : Error: something went wrong
Stack: Error: something went wrong
    at createPost (file:///app/controllers/postsController.js:33:17)
    at process.processTicksAndRejections (node:internal/process/task_queues:105:5)
2025-12-12 23:25:05 [ERROR] : Error: something went wrong
Stack: Error: something went wrong
    at createPost (file:///app/controllers/postsController.js:33:17)
    at process.processTicksAndRejections (node:internal/process/task_queues:105:5)
2025-12-12 23:25:06 [ERROR] : Error: something went wrong
Stack: Error: something went wrong
    at createPost (file:///app/controllers/postsController.js:33:17)
    at process.processTicksAndRejections (node:internal/process/task_queues:105:5)
2025-12-12 23:25:06 [ERROR] : Error: something went wrong
Stack: Error: something went wrong
    at createPost (file:///app/controllers/postsController.js:33:17)
    at process.processTicksAndRejections (node:internal/process/task_queues:105:5)
2025-12-12 23:25:26 [ERROR] : Error: something went wrong
Stack: Error: something went wrong
    at createPost (file:///app/controllers/postsController.js:33:17)
    at process.processTicksAndRejections (node:internal/process/task_queues:105:5)
2025-12-12 23:54:02 [ERROR] : Error: something went wrong
Stack: Error: something went wrong
    at createPost (file:///app/controllers/postsController.js:33:17)
    at process.processTicksAndRejections (node:internal/process/task_queues:105:5)
2025-12-15 20:10:04 [ERROR] : Error: something went wrong
Stack: Error: something went wrong
    at createPost (file:///app/controllers/postsController.js:33:17)
    at process.processTicksAndRejections (node:internal/process/task_queues:105:5)
2025-12-15 20:55:32 [ERROR] : Error: something went wrong
Stack: Error: something went wrong
    at getAllPosts (file:///app/controllers/postsController.js:106:17)
    at process.processTicksAndRejections (node:internal/process/task_queues:105:5)
2025-12-15 20:55:37 [ERROR] : Error: something went wrong
Stack: Error: something went wrong
    at getAllPosts (file:///app/controllers/postsController.js:106:17)
    at process.processTicksAndRejections (node:internal/process/task_queues:105:5)
2025-12-16 13:45:58 [ERROR] : Error: language file not found
Stack: Error: language file not found
    at ReadFileContext.callback (file:///app/controllers/translations.js:20:21)
    at FSReqCallback.readFileAfterOpen [as oncomplete] (node:fs:298:13)
2025-12-16 13:46:04 [ERROR] : Error: language file not found
Stack: Error: language file not found
    at ReadFileContext.callback (file:///app/controllers/translations.js:20:21)
    at FSReqCallback.readFileAfterOpen [as oncomplete] (node:fs:298:13)
2025-12-16 23:44:16 [ERROR] : Error: language file not found
Stack: Error: language file not found
    at ReadFileContext.callback (file:///app/controllers/translations.js:20:21)
    at FSReqCallback.readFileAfterOpen [as oncomplete] (node:fs:298:13)
2025-12-16 23:46:32 [ERROR] : Error: language file not found
Stack: Error: language file not found
    at ReadFileContext.callback (file:///app/controllers/translations.js:21:21)
    at FSReqCallback.readFileAfterOpen [as oncomplete] (node:fs:298:13)
2025-12-16 23:46:40 [ERROR] : Error: language file not found
Stack: Error: language file not found
    at ReadFileContext.callback (file:///app/controllers/translations.js:21:21)
    at FSReqCallback.readFileAfterOpen [as oncomplete] (node:fs:298:13)
2025-12-16 23:47:28 [ERROR] : Error: language file not found
Stack: Error: language file not found
    at ReadFileContext.callback (file:///app/controllers/translations.js:21:21)
    at FSReqCallback.readFileAfterOpen [as oncomplete] (node:fs:298:13)
2025-12-17 00:16:55 [ERROR] : Error: something went wrong
Stack: Error: something went wrong
    at createPost (file:///app/controllers/postsController.js:39:17)
    at process.processTicksAndRejections (node:internal/process/task_queues:105:5)
2025-12-17 00:38:52 [ERROR] : Error: language file not found
Stack: Error: language file not found
    at ReadFileContext.callback (file:///app/controllers/translations.js:19:21)
    at FSReqCallback.readFileAfterOpen [as oncomplete] (node:fs:298:13)
2025-12-17 00:39:23 [ERROR] : Error: language file not found
Stack: Error: language file not found
    at ReadFileContext.callback (file:///app/controllers/translations.js:19:21)
    at FSReqCallback.readFileAfterOpen [as oncomplete] (node:fs:298:13)
2025-12-17 00:39:34 [ERROR] : Error: language file not found
Stack: Error: language file not found
    at ReadFileContext.callback (file:///app/controllers/translations.js:19:21)
    at FSReqCallback.readFileAfterOpen [as oncomplete] (node:fs:298:13)
2025-12-17 00:40:37 [ERROR] : Error: language file not found
Stack: Error: language file not found
    at ReadFileContext.callback (file:///app/controllers/translations.js:19:21)
    at FSReqCallback.readFileAfterOpen [as oncomplete] (node:fs:298:13)
2025-12-17 00:45:13 [ERROR] : Error: language file not found
Stack: Error: language file not found
    at ReadFileContext.callback (file:///app/controllers/translations.js:19:21)
    at FSReqCallback.readFileAfterOpen [as oncomplete] (node:fs:298:13)
2025-12-17 00:45:18 [ERROR] : Error: language file not found
Stack: Error: language file not found
    at ReadFileContext.callback (file:///app/controllers/translations.js:19:21)
    at FSReqCallback.readFileAfterOpen [as oncomplete] (node:fs:298:13)
2025-12-17 00:46:53 [ERROR] : Error: language file not found
Stack: Error: language file not found
    at ReadFileContext.callback (file:///app/controllers/translations.js:19:21)
    at FSReqCallback.readFileAfterOpen [as oncomplete] (node:fs:298:13)
2025-12-17 00:47:01 [ERROR] : Error: language file not found
Stack: Error: language file not found
    at ReadFileContext.callback (file:///app/controllers/translations.js:19:21)
    at FSReqCallback.readFileAfterOpen [as oncomplete] (node:fs:298:13)
2025-12-17 00:47:02 [ERROR] : Error: language file not found
Stack: Error: language file not found
    at ReadFileContext.callback (file:///app/controllers/translations.js:19:21)
    at FSReqCallback.readFileAfterOpen [as oncomplete] (node:fs:298:13)
2025-12-17 00:47:04 [ERROR] : Error: language file not found
Stack: Error: language file not found
    at ReadFileContext.callback (file:///app/controllers/translations.js:19:21)
    at FSReqCallback.readFileAfterOpen [as oncomplete] (node:fs:298:13)
2025-12-17 00:47:08 [ERROR] : Error: language file not found
Stack: Error: language file not found
    at ReadFileContext.callback (file:///app/controllers/translations.js:19:21)
    at FSReqCallback.readFileAfterOpen [as oncomplete] (node:fs:298:13)
2025-12-17 00:48:13 [ERROR] : Error: language file not found
Stack: Error: language file not found
    at ReadFileContext.callback (file:///app/controllers/translations.js:19:21)
    at FSReqCallback.readFileAfterOpen [as oncomplete] (node:fs:298:13)
2025-12-17 00:48:14 [ERROR] : Error: language file not found
Stack: Error: language file not found
    at ReadFileContext.callback (file:///app/controllers/translations.js:19:21)
    at FSReqCallback.readFileAfterOpen [as oncomplete] (node:fs:298:13)
2025-12-17 00:48:16 [ERROR] : Error: language file not found
Stack: Error: language file not found
    at ReadFileContext.callback (file:///app/controllers/translations.js:19:21)
    at FSReqCallback.readFileAfterOpen [as oncomplete] (node:fs:298:13)
2025-12-17 00:48:20 [ERROR] : Error: language file not found
Stack: Error: language file not found
    at ReadFileContext.callback (file:///app/controllers/translations.js:19:21)
    at FSReqCallback.readFileAfterOpen [as oncomplete] (node:fs:298:13)
2025-12-17 00:49:18 [ERROR] : Error: language file not found
Stack: Error: language file not found
    at ReadFileContext.callback (file:///app/controllers/translations.js:19:21)
    at FSReqCallback.readFileAfterOpen [as oncomplete] (node:fs:298:13)
2025-12-17 00:49:19 [ERROR] : Error: language file not found
Stack: Error: language file not found
    at ReadFileContext.callback (file:///app/controllers/translations.js:19:21)
    at FSReqCallback.readFileAfterOpen [as oncomplete] (node:fs:298:13)
2025-12-17 00:49:21 [ERROR] : Error: language file not found
Stack: Error: language file not found
    at ReadFileContext.callback (file:///app/controllers/translations.js:19:21)
    at FSReqCallback.readFileAfterOpen [as oncomplete] (node:fs:298:13)
2025-12-17 00:49:25 [ERROR] : Error: language file not found
Stack: Error: language file not found
    at ReadFileContext.callback (file:///app/controllers/translations.js:19:21)
    at FSReqCallback.readFileAfterOpen [as oncomplete] (node:fs:298:13)
2025-12-17 00:53:20 [ERROR] : Error: language file not found
Stack: Error: language file not found
    at ReadFileContext.callback (file:///app/controllers/translations.js:19:21)
    at FSReqCallback.readFileAfterOpen [as oncomplete] (node:fs:298:13)
2025-12-17 00:53:21 [ERROR] : Error: language file not found
Stack: Error: language file not found
    at ReadFileContext.callback (file:///app/controllers/translations.js:19:21)
    at FSReqCallback.readFileAfterOpen [as oncomplete] (node:fs:298:13)
2025-12-17 00:53:23 [ERROR] : Error: language file not found
Stack: Error: language file not found
    at ReadFileContext.callback (file:///app/controllers/translations.js:19:21)
    at FSReqCallback.readFileAfterOpen [as oncomplete] (node:fs:298:13)
2025-12-17 00:53:27 [ERROR] : Error: language file not found
Stack: Error: language file not found
    at ReadFileContext.callback (file:///app/controllers/translations.js:19:21)
    at FSReqCallback.readFileAfterOpen [as oncomplete] (node:fs:298:13)
2025-12-17 00:54:06 [ERROR] : Error: language file not found
Stack: Error: language file not found
    at ReadFileContext.callback (file:///app/controllers/translations.js:19:21)
    at FSReqCallback.readFileAfterOpen [as oncomplete] (node:fs:298:13)
2025-12-17 00:54:07 [ERROR] : Error: language file not found
Stack: Error: language file not found
    at ReadFileContext.callback (file:///app/controllers/translations.js:19:21)
    at FSReqCallback.readFileAfterOpen [as oncomplete] (node:fs:298:13)
2025-12-17 00:54:09 [ERROR] : Error: language file not found
Stack: Error: language file not found
    at ReadFileContext.callback (file:///app/controllers/translations.js:19:21)
    at FSReqCallback.readFileAfterOpen [as oncomplete] (node:fs:298:13)
2025-12-17 00:54:13 [ERROR] : Error: language file not found
Stack: Error: language file not found
    at ReadFileContext.callback (file:///app/controllers/translations.js:19:21)
    at FSReqCallback.readFileAfterOpen [as oncomplete] (node:fs:298:13)
2025-12-17 00:55:32 [ERROR] : Error: language file not found
Stack: Error: language file not found
    at ReadFileContext.callback (file:///app/controllers/translations.js:19:21)
    at FSReqCallback.readFileAfterOpen [as oncomplete] (node:fs:298:13)
2025-12-17 00:55:33 [ERROR] : Error: language file not found
Stack: Error: language file not found
    at ReadFileContext.callback (file:///app/controllers/translations.js:19:21)
    at FSReqCallback.readFileAfterOpen [as oncomplete] (node:fs:298:13)
2025-12-17 00:55:35 [ERROR] : Error: language file not found
Stack: Error: language file not found
    at ReadFileContext.callback (file:///app/controllers/translations.js:19:21)
    at FSReqCallback.readFileAfterOpen [as oncomplete] (node:fs:298:13)
2025-12-17 00:55:39 [ERROR] : Error: language file not found
Stack: Error: language file not found
    at ReadFileContext.callback (file:///app/controllers/translations.js:19:21)
    at FSReqCallback.readFileAfterOpen [as oncomplete] (node:fs:298:13)
2025-12-17 00:56:21 [ERROR] : Error: language file not found
Stack: Error: language file not found
    at ReadFileContext.callback (file:///app/controllers/translations.js:19:21)
    at FSReqCallback.readFileAfterOpen [as oncomplete] (node:fs:298:13)
2025-12-17 00:56:22 [ERROR] : Error: language file not found
Stack: Error: language file not found
    at ReadFileContext.callback (file:///app/controllers/translations.js:19:21)
    at FSReqCallback.readFileAfterOpen [as oncomplete] (node:fs:298:13)
2025-12-17 00:56:24 [ERROR] : Error: language file not found
Stack: Error: language file not found
    at ReadFileContext.callback (file:///app/controllers/translations.js:19:21)
    at FSReqCallback.readFileAfterOpen [as oncomplete] (node:fs:298:13)
2025-12-17 00:56:28 [ERROR] : Error: language file not found
Stack: Error: language file not found
    at ReadFileContext.callback (file:///app/controllers/translations.js:19:21)
    at FSReqCallback.readFileAfterOpen [as oncomplete] (node:fs:298:13)
2025-12-17 00:57:08 [ERROR] : Error: language file not found
Stack: Error: language file not found
    at ReadFileContext.callback (file:///app/controllers/translations.js:19:21)
    at FSReqCallback.readFileAfterOpen [as oncomplete] (node:fs:298:13)
2025-12-17 00:57:09 [ERROR] : Error: language file not found
Stack: Error: language file not found
    at ReadFileContext.callback (file:///app/controllers/translations.js:19:21)
    at FSReqCallback.readFileAfterOpen [as oncomplete] (node:fs:298:13)
2025-12-17 00:57:11 [ERROR] : Error: language file not found
Stack: Error: language file not found
    at ReadFileContext.callback (file:///app/controllers/translations.js:19:21)
    at FSReqCallback.readFileAfterOpen [as oncomplete] (node:fs:298:13)
2025-12-17 00:57:15 [ERROR] : Error: language file not found
Stack: Error: language file not found
    at ReadFileContext.callback (file:///app/controllers/translations.js:19:21)
    at FSReqCallback.readFileAfterOpen [as oncomplete] (node:fs:298:13)
2025-12-17 01:06:06 [ERROR] : Error: language file not found
Stack: Error: language file not found
    at ReadFileContext.callback (file:///app/controllers/translations.js:19:21)
    at FSReqCallback.readFileAfterOpen [as oncomplete] (node:fs:298:13)
2025-12-17 01:06:07 [ERROR] : Error: language file not found
Stack: Error: language file not found
    at ReadFileContext.callback (file:///app/controllers/translations.js:19:21)
    at FSReqCallback.readFileAfterOpen [as oncomplete] (node:fs:298:13)
2025-12-17 01:06:09 [ERROR] : Error: language file not found
Stack: Error: language file not found
    at ReadFileContext.callback (file:///app/controllers/translations.js:19:21)
    at FSReqCallback.readFileAfterOpen [as oncomplete] (node:fs:298:13)
2025-12-17 01:06:13 [ERROR] : Error: language file not found
Stack: Error: language file not found
    at ReadFileContext.callback (file:///app/controllers/translations.js:19:21)
    at FSReqCallback.readFileAfterOpen [as oncomplete] (node:fs:298:13)
2025-12-17 01:07:19 [ERROR] : Error: language file not found
Stack: Error: language file not found
    at ReadFileContext.callback (file:///app/controllers/translations.js:19:21)
    at FSReqCallback.readFileAfterOpen [as oncomplete] (node:fs:298:13)
2025-12-17 01:07:20 [ERROR] : Error: language file not found
Stack: Error: language file not found
    at ReadFileContext.callback (file:///app/controllers/translations.js:19:21)
    at FSReqCallback.readFileAfterOpen [as oncomplete] (node:fs:298:13)
2025-12-17 01:07:22 [ERROR] : Error: language file not found
Stack: Error: language file not found
    at ReadFileContext.callback (file:///app/controllers/translations.js:19:21)
    at FSReqCallback.readFileAfterOpen [as oncomplete] (node:fs:298:13)
2025-12-17 01:07:26 [ERROR] : Error: language file not found
Stack: Error: language file not found
    at ReadFileContext.callback (file:///app/controllers/translations.js:19:21)
    at FSReqCallback.readFileAfterOpen [as oncomplete] (node:fs:298:13)
2025-12-17 01:18:21 [ERROR] : Error: language file not found
Stack: Error: language file not found
    at ReadFileContext.callback (file:///app/controllers/translations.js:19:21)
    at FSReqCallback.readFileAfterOpen [as oncomplete] (node:fs:298:13)
2025-12-17 01:18:22 [ERROR] : Error: language file not found
Stack: Error: language file not found
    at ReadFileContext.callback (file:///app/controllers/translations.js:19:21)
    at FSReqCallback.readFileAfterOpen [as oncomplete] (node:fs:298:13)
2025-12-17 01:18:24 [ERROR] : Error: language file not found
Stack: Error: language file not found
    at ReadFileContext.callback (file:///app/controllers/translations.js:19:21)
    at FSReqCallback.readFileAfterOpen [as oncomplete] (node:fs:298:13)
2025-12-17 01:18:28 [ERROR] : Error: language file not found
Stack: Error: language file not found
    at ReadFileContext.callback (file:///app/controllers/translations.js:19:21)
    at FSReqCallback.readFileAfterOpen [as oncomplete] (node:fs:298:13)
2025-12-17 01:28:21 [ERROR] : Error: language file not found
Stack: Error: language file not found
    at ReadFileContext.callback (file:///app/controllers/translations.js:19:21)
    at FSReqCallback.readFileAfterOpen [as oncomplete] (node:fs:298:13)
2025-12-17 01:28:22 [ERROR] : Error: language file not found
Stack: Error: language file not found
    at ReadFileContext.callback (file:///app/controllers/translations.js:19:21)
    at FSReqCallback.readFileAfterOpen [as oncomplete] (node:fs:298:13)
2025-12-17 01:28:24 [ERROR] : Error: language file not found
Stack: Error: language file not found
    at ReadFileContext.callback (file:///app/controllers/translations.js:19:21)
    at FSReqCallback.readFileAfterOpen [as oncomplete] (node:fs:298:13)
2025-12-17 01:28:28 [ERROR] : Error: language file not found
Stack: Error: language file not found
    at ReadFileContext.callback (file:///app/controllers/translations.js:19:21)
    at FSReqCallback.readFileAfterOpen [as oncomplete] (node:fs:298:13)
2026-02-15 23:30:04 [ERROR] : Error: User with this email does not exist
Stack: Error: User with this email does not exist
    at signIn (file:///app/controllers/authController.js:160:19)
    at process.processTicksAndRejections (node:internal/process/task_queues:105:5)
2026-02-15 23:32:53 [ERROR] : Error: User with this email does not exist
Stack: Error: User with this email does not exist
    at signIn (file:///app/controllers/authController.js:160:19)
    at process.processTicksAndRejections (node:internal/process/task_queues:105:5)
2026-02-15 23:33:14 [ERROR] : Error: User with this email does not exist
Stack: Error: User with this email does not exist
    at signIn (file:///app/controllers/authController.js:160:19)
    at process.processTicksAndRejections (node:internal/process/task_queues:105:5)
2026-02-15 23:33:31 [ERROR] : Error: User with this email does not exist
Stack: Error: User with this email does not exist
    at signIn (file:///app/controllers/authController.js:160:19)
    at process.processTicksAndRejections (node:internal/process/task_queues:105:5)
2026-02-15 23:34:00 [ERROR] : Error: User with this email does not exist
Stack: Error: User with this email does not exist
    at signIn (file:///app/controllers/authController.js:160:19)
    at process.processTicksAndRejections (node:internal/process/task_queues:105:5)
2026-02-15 23:34:22 [ERROR] : Error: User with this email does not exist
Stack: Error: User with this email does not exist
    at signIn (file:///app/controllers/authController.js:160:19)
    at process.processTicksAndRejections (node:internal/process/task_queues:105:5)
2026-02-15 23:34:42 [ERROR] : Error: User with this email does not exist
Stack: Error: User with this email does not exist
    at signIn (file:///app/controllers/authController.js:160:19)
    at process.processTicksAndRejections (node:internal/process/task_queues:105:5)
